// Jest Snapshot v1, https://goo.gl/fbAQLP

exports[`Check NewsPages rendering 1`] = `
Object {
  "asFragment": [Function],
  "baseElement": <body>
    <div>
      <div
        class="Loader"
      >
        <div
          class="sl-bubble2"
        >
          <div
            class="sl-loader"
            style="--size: 1.50;"
          >
            <div
              class="sl-loader-items"
            >
              <div
                class="sl-bubble"
                style="--i: 1; --bg: #FFFFFF;"
              />
              <div
                class="sl-bubble"
                style="--i: 2; --bg: #FFFFFF;"
              />
              <div
                class="sl-bubble"
                style="--i: 3; --bg: #FFFFFF;"
              />
            </div>
          </div>
        </div>
      </div>
    </div>
  </body>,
  "container": <div>
    <div
      class="Loader"
    >
      <div
        class="sl-bubble2"
      >
        <div
          class="sl-loader"
          style="--size: 1.50;"
        >
          <div
            class="sl-loader-items"
          >
            <div
              class="sl-bubble"
              style="--i: 1; --bg: #FFFFFF;"
            />
            <div
              class="sl-bubble"
              style="--i: 2; --bg: #FFFFFF;"
            />
            <div
              class="sl-bubble"
              style="--i: 3; --bg: #FFFFFF;"
            />
          </div>
        </div>
      </div>
    </div>
  </div>,
  "debug": [Function],
  "findAllByAltText": [Function],
  "findAllByDisplayValue": [Function],
  "findAllByLabelText": [Function],
  "findAllByPlaceholderText": [Function],
  "findAllByRole": [Function],
  "findAllByTestId": [Function],
  "findAllByText": [Function],
  "findAllByTitle": [Function],
  "findByAltText": [Function],
  "findByDisplayValue": [Function],
  "findByLabelText": [Function],
  "findByPlaceholderText": [Function],
  "findByRole": [Function],
  "findByTestId": [Function],
  "findByText": [Function],
  "findByTitle": [Function],
  "getAllByAltText": [Function],
  "getAllByDisplayValue": [Function],
  "getAllByLabelText": [Function],
  "getAllByPlaceholderText": [Function],
  "getAllByRole": [Function],
  "getAllByTestId": [Function],
  "getAllByText": [Function],
  "getAllByTitle": [Function],
  "getByAltText": [Function],
  "getByDisplayValue": [Function],
  "getByLabelText": [Function],
  "getByPlaceholderText": [Function],
  "getByRole": [Function],
  "getByTestId": [Function],
  "getByText": [Function],
  "getByTitle": [Function],
  "queryAllByAltText": [Function],
  "queryAllByDisplayValue": [Function],
  "queryAllByLabelText": [Function],
  "queryAllByPlaceholderText": [Function],
  "queryAllByRole": [Function],
  "queryAllByTestId": [Function],
  "queryAllByText": [Function],
  "queryAllByTitle": [Function],
  "queryByAltText": [Function],
  "queryByDisplayValue": [Function],
  "queryByLabelText": [Function],
  "queryByPlaceholderText": [Function],
  "queryByRole": [Function],
  "queryByTestId": [Function],
  "queryByText": [Function],
  "queryByTitle": [Function],
  "rerender": [Function],
  "unmount": [Function],
}
`;
