// Jest Snapshot v1, https://goo.gl/fbAQLP

exports[`Check Routes component rendering 1`] = `
Object {
  "asFragment": [Function],
  "baseElement": <body>
    <div>
      <div
        class="sc-bdvvtL hFwisg"
      >
        <div
          class="sc-gsDKAQ ewZRyA"
        >
          <header
            class="sc-dkPtRN kKaBkD"
          >
            <p>
              Mocked Nav component
            </p>
            <div />
            <div>
              
    
              <div
                class="wrapper"
                style="display: flex; justify-content: center;"
              >
                
      
                <svg
                  aria-label="Иконка солнца"
                  class="lightThemeIconColor"
                  role="img"
                  style="width: 26px; height: 26px;"
                >
                  
        
                  <use
                    href="sprite.svg#icon-sun"
                  />
                  
      
                </svg>
                
      
                <div
                  class="control"
                >
                  
        
                  <input
                    aria-label="Переключить между тёмной и светлой темой"
                    class="toggle"
                    id="toggle"
                    name="theme"
                    type="checkbox"
                  />
                  
          
        
                  <label
                    aria-hidden="true"
                    class="track lightThemeTrackColor"
                    for="toggle"
                  >
                    
        
                  </label>
                  
        
        
                  <div
                    aria-hidden="true"
                    class="marker"
                  />
                  
      
                </div>
                 

      
                <svg
                  aria-label="Иконка солнца"
                  class="icon lightThemeIconColor"
                  role="img"
                >
                  
        
                  <use
                    href="sprite.svg#icon-moon"
                  />
                  
      
                </svg>
                
    
              </div>
              
  
            </div>
          </header>
          <main>
            <p>
              Mocked Routes component
            </p>
          </main>
        </div>
      </div>
    </div>
  </body>,
  "container": <div>
    <div
      class="sc-bdvvtL hFwisg"
    >
      <div
        class="sc-gsDKAQ ewZRyA"
      >
        <header
          class="sc-dkPtRN kKaBkD"
        >
          <p>
            Mocked Nav component
          </p>
          <div />
          <div>
            
    
            <div
              class="wrapper"
              style="display: flex; justify-content: center;"
            >
              
      
              <svg
                aria-label="Иконка солнца"
                class="lightThemeIconColor"
                role="img"
                style="width: 26px; height: 26px;"
              >
                
        
                <use
                  href="sprite.svg#icon-sun"
                />
                
      
              </svg>
              
      
              <div
                class="control"
              >
                
        
                <input
                  aria-label="Переключить между тёмной и светлой темой"
                  class="toggle"
                  id="toggle"
                  name="theme"
                  type="checkbox"
                />
                
          
        
                <label
                  aria-hidden="true"
                  class="track lightThemeTrackColor"
                  for="toggle"
                >
                  
        
                </label>
                
        
        
                <div
                  aria-hidden="true"
                  class="marker"
                />
                
      
              </div>
               

      
              <svg
                aria-label="Иконка солнца"
                class="icon lightThemeIconColor"
                role="img"
              >
                
        
                <use
                  href="sprite.svg#icon-moon"
                />
                
      
              </svg>
              
    
            </div>
            
  
          </div>
        </header>
        <main>
          <p>
            Mocked Routes component
          </p>
        </main>
      </div>
    </div>
  </div>,
  "debug": [Function],
  "findAllByAltText": [Function],
  "findAllByDisplayValue": [Function],
  "findAllByLabelText": [Function],
  "findAllByPlaceholderText": [Function],
  "findAllByRole": [Function],
  "findAllByTestId": [Function],
  "findAllByText": [Function],
  "findAllByTitle": [Function],
  "findByAltText": [Function],
  "findByDisplayValue": [Function],
  "findByLabelText": [Function],
  "findByPlaceholderText": [Function],
  "findByRole": [Function],
  "findByTestId": [Function],
  "findByText": [Function],
  "findByTitle": [Function],
  "getAllByAltText": [Function],
  "getAllByDisplayValue": [Function],
  "getAllByLabelText": [Function],
  "getAllByPlaceholderText": [Function],
  "getAllByRole": [Function],
  "getAllByTestId": [Function],
  "getAllByText": [Function],
  "getAllByTitle": [Function],
  "getByAltText": [Function],
  "getByDisplayValue": [Function],
  "getByLabelText": [Function],
  "getByPlaceholderText": [Function],
  "getByRole": [Function],
  "getByTestId": [Function],
  "getByText": [Function],
  "getByTitle": [Function],
  "queryAllByAltText": [Function],
  "queryAllByDisplayValue": [Function],
  "queryAllByLabelText": [Function],
  "queryAllByPlaceholderText": [Function],
  "queryAllByRole": [Function],
  "queryAllByTestId": [Function],
  "queryAllByText": [Function],
  "queryAllByTitle": [Function],
  "queryByAltText": [Function],
  "queryByDisplayValue": [Function],
  "queryByLabelText": [Function],
  "queryByPlaceholderText": [Function],
  "queryByRole": [Function],
  "queryByTestId": [Function],
  "queryByText": [Function],
  "queryByTitle": [Function],
  "rerender": [Function],
  "unmount": [Function],
}
`;
